// Jest Snapshot v1, https://goo.gl/fbAQLP

exports[`countdown renders correctly 1`] = `
<Context.Provider
  value={
    Object {
      "audio": <audio
        loop=""
        preload="auto"
        src="mock file"
      />,
      "firebaseUserIdToken": null,
      "lobby": null,
      "lobbyid": "",
      "setLobby": [Function],
      "setLobbyid": [Function],
      "setUsername": [Function],
      "username": "",
    }
  }
>
  <Countdown />
</Context.Provider>
`;
